Microchip MPLAB XC8 Compiler V2.10 ()

Linker command line:

-W-3 --edf=C:\Program Files (x86)\Microchip\xc8\v2.10\pic\dat\en_msgs.txt \
  -cs -h+dist/default/debug\dissertation_complete.X.debug.sym \
  --cmf=dist/default/debug\dissertation_complete.X.debug.cmf -z -Q18F45K22 \
  -oC:\Users\RADUCH~1\AppData\Local\Temp\sj2g.2 --defsym=__MPLAB_BUILD=1 \
  -Mdist/default/debug/dissertation_complete.X.debug.map -E1 -ver=XC8 \
  --acfsm=1493 -ASTACK=060h-05FFh -pstack=STACK -ACODE=00h-07FFFh \
  -ACONST=00h-07FFFh -ASMALLCONST=0600h-06FFhx122 \
  -AMEDIUMCONST=0600h-07FFFh -ACOMRAM=01h-05Fh -AABS1=00h-05FFh \
  -ABIGRAM=01h-05FFh -ARAM=060h-0FFh,0100h-01FFhx5 -ABANK0=060h-0FFh \
  -ABANK1=0100h-01FFh -ABANK2=0200h-02FFh -ABANK3=0300h-03FFh \
  -ABANK4=0400h-04FFh -ABANK5=0500h-05FFh -ASFR=0F38h-0F5Fh,0F60h-0FFFh \
  -preset_vec=00h,intcode=08h,intcodelo,powerup,init -pramtop=0600h \
  -psmallconst=SMALLCONST -pmediumconst=MEDIUMCONST -pconst=CONST \
  -AFARRAM=00h-00h -ACONFIG=0300000h-030000Dh -pconfig=CONFIG \
  -AIDLOC=0200000h-0200007h -pidloc=IDLOC -AEEDATA=0F00000h-0F000FFh \
  -peeprom_data=EEDATA \
  -prdata=COMRAM,nvrram=COMRAM,nvbit=COMRAM,rbss=COMRAM,rbit=COMRAM \
  -pfarbss=FARRAM,fardata=FARRAM,nvFARRAM=FARRAM \
  -pintsave_regs=BIGRAM,bigbss=BIGRAM,bigdata=BIGRAM -pbss=RAM \
  -pidata=CODE,irdata=CODE,ibigdata=CODE,ifardata=CODE -prparam=COMRAM \
  C:\Users\RADUCH~1\AppData\Local\Temp\sj2g.o \
  dist/default/debug\dissertation_complete.X.debug.o 

Object code version is 3.11

Machine type is 18F45K22

Call graph: (short form)




                Name                               Link     Load   Length Selector   Space Scale
C:\Users\RADUCH~1\AppData\Local\Temp\sj2g.o
                init                                 4E       4E        4        4       0
                reset_vec                             0        0        4        0       0
                idloc                            200000   200000        8   200000       0
                config                           300000   300000        E   300000       0
dist/default/debug\dissertation_complete.X.debug.o
                intcode                               8        8       46        4       0
                temp                                 46       46        1        1       1
                text24                              4BA      4BA       2A        4       0
                text23                              5B8      5B8       16        4       0
                text22                              1C8      1C8      176        4       0
                text21                              40C      40C       42        4       0
                text20                              618      618        2        4       0
                text19                              48C      48C       2E        4       0
                text18                              5DC      5DC        C        4       0
                text16                              5A2      5A2       16        4       0
                text15                              606      606        A        4       0
                text14                              5FC      5FC        A        4       0
                text13                              5F2      5F2        A        4       0
                text12                              44E      44E       3E        4       0
                text11                              614      614        4        4       0
                text10                              5CE      5CE        E        4       0
                text9                               3C8      3C8       44        4       0
                text8                               5E8      5E8        A        4       0
                text7                               534      534       22        4       0
                text6                               570      570       1A        4       0
                text5                               50C      50C       28        4       0
                text4                                52       52      176        4       0
                text3                               33E      33E       8A        4       0
                text2                               58A      58A       18        4       0
                text1                               610      610        4        4       0
                text0                               4E4      4E4       28        4       0
                cstackCOMRAM                          1        1       23        1       1
                bssCOMRAM                            24       24       19        1       1
                cinit                               556      556       1A        4       0
                nvCOMRAM                             3D       3D        9        1       1

TOTAL           Name                               Link     Load   Length     Space
        CLASS   STACK          

        CLASS   CODE           
                intcode                               8        8       46         0
                init                                 4E       4E        4         0
                reset_vec                             0        0        4         0
                text24                              4BA      4BA       2A         0
                text23                              5B8      5B8       16         0
                text22                              1C8      1C8      176         0
                text21                              40C      40C       42         0
                text20                              618      618        2         0
                text19                              48C      48C       2E         0
                text18                              5DC      5DC        C         0
                text16                              5A2      5A2       16         0
                text15                              606      606        A         0
                text14                              5FC      5FC        A         0
                text13                              5F2      5F2        A         0
                text12                              44E      44E       3E         0
                text11                              614      614        4         0
                text10                              5CE      5CE        E         0
                text9                               3C8      3C8       44         0
                text8                               5E8      5E8        A         0
                text7                               534      534       22         0
                text6                               570      570       1A         0
                text5                               50C      50C       28         0
                text4                                52       52      176         0
                text3                               33E      33E       8A         0
                text2                               58A      58A       18         0
                text1                               610      610        4         0
                text0                               4E4      4E4       28         0
                cinit                               556      556       1A         0

        CLASS   CONST          

        CLASS   SMALLCONST     

        CLASS   MEDIUMCONST    

        CLASS   COMRAM         
                temp                                 46       46        1         1
                cstackCOMRAM                          1        1       23         1
                bssCOMRAM                            24       24       19         1
                nvCOMRAM                             3D       3D        9         1

        CLASS   ABS1           

        CLASS   BIGRAM         

        CLASS   RAM            

        CLASS   BANK0          

        CLASS   BANK1          

        CLASS   BANK2          

        CLASS   BANK3          

        CLASS   BANK4          

        CLASS   BANK5          

        CLASS   SFR            

        CLASS   FARRAM         

        CLASS   CONFIG         
                config                           300000   300000        E         0

        CLASS   IDLOC          
                idloc                            200000   200000        8         0

        CLASS   EEDATA         



SEGMENTS        Name                           Load    Length   Top    Selector   Space  Class

                reset_vec                      000000  000004  000004         0       0  CODE    
                cstackCOMRAM                   000001  000046  000047         1       1  COMRAM  
                intcode                        000008  000612  00061A         4       0  CODE    
                idloc                          200000  000008  200008    200000       0  IDLOC   
                config                         300000  00000E  30000E    300000       0  CONFIG  


UNUSED ADDRESS RANGES

        Name                Unused          Largest block    Delta
        BANK0            000060-0000FF               A0
        BANK1            000100-0001FF              100
        BANK2            000200-0002FF              100
        BANK3            000300-0003FF              100
        BANK4            000400-0004FF              100
        BANK5            000500-0005FF              100
        BIGRAM           000047-0005FF              5B9
        CODE             000004-000007                4
                         00061A-007FFF             79E6
        COMRAM           000047-00005F               19
        CONST            000004-000007                4
                         00061A-007FFF             79E6
        EEDATA           F00000-F000FF              100
        MEDIUMCONST      00061A-007FFF             79E6
        RAM              000060-0005FF              100
        SFR              000F38-000FFF               28
        SMALLCONST       00061A-007FFF              100
        STACK            000060-0005FF              5A0

                                  Symbol Table

ADC_GetConversion@channel                       cstackCOMRAM 000002
EUSART2_SetErrorHandler@interruptHandler        cstackCOMRAM 000011
EUSART2_SetFramingErrorHandler@interruptHandler cstackCOMRAM 000011
EUSART2_SetOverrunErrorHandler@interruptHandler cstackCOMRAM 000011
EUSART2_Write@txData                            cstackCOMRAM 000001
TMR0_SetInterruptHandler@InterruptHandler       cstackCOMRAM 000011
_ADCON0                                         (abs)        000FC2
_ADCON0bits                                     (abs)        000FC2
_ADCON1                                         (abs)        000FC1
_ADCON2                                         (abs)        000FC0
_ADC_GetConversion                              text24       0004BA
_ADC_Initialize                                 text16       0005A2
_ADRESH                                         (abs)        000FC4
_ADRESL                                         (abs)        000FC3
_ANSELA                                         (abs)        000F38
_ANSELB                                         (abs)        000F39
_ANSELC                                         (abs)        000F3A
_ANSELD                                         (abs)        000F3B
_ANSELE                                         (abs)        000F3C
_BAUDCON2                                       (abs)        000F70
_EUSART2_DefaultErrorHandler                    (abs)        000000
_EUSART2_DefaultFramingErrorHandler             (abs)        000000
_EUSART2_DefaultOverrunErrorHandler             (abs)        000000
_EUSART2_ErrorHandler                           nvCOMRAM     00003F
_EUSART2_FramingErrorHandler                    nvCOMRAM     000043
_EUSART2_Initialize                             text12       00044E
_EUSART2_OverrunErrorHandler                    nvCOMRAM     000041
_EUSART2_Read                                   text5        00050C
_EUSART2_SetErrorHandler                        text15       000606
_EUSART2_SetFramingErrorHandler                 text14       0005FC
_EUSART2_SetOverrunErrorHandler                 text13       0005F2
_EUSART2_Write                                  text23       0005B8
_INTCON2bits                                    (abs)        000FF1
_INTCONbits                                     (abs)        000FF2
_INTERRUPT_Initialize                           text11       000614
_INTERRUPT_InterruptManager                     intcode      000008
_LATA                                           (abs)        000F89
_LATAbits                                       (abs)        000F89
_LATB                                           (abs)        000F8A
_LATC                                           (abs)        000F8B
_LATCbits                                       (abs)        000F8B
_LATD                                           (abs)        000F8C
_LATDbits                                       (abs)        000F8C
_LATE                                           (abs)        000F8D
_OSCCON                                         (abs)        000FD3
_OSCCON2                                        (abs)        000FD2
_OSCILLATOR_Initialize                          text10       0005CE
_OSCTUNE                                        (abs)        000F9B
_PIN_MANAGER_Initialize                         text9        0003C8
_PIR3bits                                       (abs)        000FA4
_RCONbits                                       (abs)        000FD0
_RCREG2                                         (abs)        000F74
_RCSTA2                                         (abs)        000F71
_RCSTA2bits                                     (abs)        000F71
_SPBRG2                                         (abs)        000F75
_SPBRGH2                                        (abs)        000F76
_SYSTEM_Initialize                              text6        000570
_T0CON                                          (abs)        000FD5
_T0CONbits                                      (abs)        000FD5
_TMR0H                                          (abs)        000FD7
_TMR0L                                          (abs)        000FD6
_TMR0_CallBack                                  text19       00048C
_TMR0_DefaultInterruptHandler                   text20       000618
_TMR0_ISR                                       text18       0005DC
_TMR0_Initialize                                text7        000534
_TMR0_InterruptHandler                          nvCOMRAM     00003D
_TMR0_SetInterruptHandler                       text8        0005E8
_TRISA                                          (abs)        000F92
_TRISB                                          (abs)        000F93
_TRISC                                          (abs)        000F94
_TRISD                                          (abs)        000F95
_TRISDbits                                      (abs)        000F95
_TRISE                                          (abs)        000F96
_TXREG2                                         (abs)        000F73
_TXSTA2                                         (abs)        000F72
_TXSTA2bits                                     (abs)        000F72
_WPUB                                           (abs)        000F61
__CFG_BOREN$SBORDIS                             (abs)        000000
__CFG_BORV$190                                  (abs)        000000
__CFG_CCP2MX$PORTC1                             (abs)        000000
__CFG_CCP3MX$PORTB5                             (abs)        000000
__CFG_CP0$OFF                                   (abs)        000000
__CFG_CP1$OFF                                   (abs)        000000
__CFG_CP2$OFF                                   (abs)        000000
__CFG_CP3$OFF                                   (abs)        000000
__CFG_CPB$OFF                                   (abs)        000000
__CFG_CPD$OFF                                   (abs)        000000
__CFG_DEBUG$OFF                                 (abs)        000000
__CFG_EBTR0$OFF                                 (abs)        000000
__CFG_EBTR1$OFF                                 (abs)        000000
__CFG_EBTR2$OFF                                 (abs)        000000
__CFG_EBTR3$OFF                                 (abs)        000000
__CFG_EBTRB$OFF                                 (abs)        000000
__CFG_FCMEN$OFF                                 (abs)        000000
__CFG_FOSC$INTIO67                              (abs)        000000
__CFG_HFOFST$ON                                 (abs)        000000
__CFG_IESO$OFF                                  (abs)        000000
__CFG_LVP$ON                                    (abs)        000000
__CFG_MCLRE$EXTMCLR                             (abs)        000000
__CFG_P2BMX$PORTD2                              (abs)        000000
__CFG_PBADEN$ON                                 (abs)        000000
__CFG_PLLCFG$OFF                                (abs)        000000
__CFG_PRICLKEN$ON                               (abs)        000000
__CFG_PWRTEN$OFF                                (abs)        000000
__CFG_STVREN$ON                                 (abs)        000000
__CFG_T3CMX$PORTC0                              (abs)        000000
__CFG_WDTEN$OFF                                 (abs)        000000
__CFG_WDTPS$32768                               (abs)        000000
__CFG_WRT0$OFF                                  (abs)        000000
__CFG_WRT1$OFF                                  (abs)        000000
__CFG_WRT2$OFF                                  (abs)        000000
__CFG_WRT3$OFF                                  (abs)        000000
__CFG_WRTB$OFF                                  (abs)        000000
__CFG_WRTC$OFF                                  (abs)        000000
__CFG_WRTD$OFF                                  (abs)        000000
__CFG_XINST$OFF                                 (abs)        000000
__HRAM                                          (abs)        000000
__Habs1                                         abs1         000000
__Hbank0                                        bank0        000000
__Hbank1                                        bank1        000000
__Hbank2                                        bank2        000000
__Hbank3                                        bank3        000000
__Hbank4                                        bank4        000000
__Hbank5                                        bank5        000000
__Hbigbss                                       bigbss       000000
__Hbigdata                                      bigdata      000000
__Hbigram                                       bigram       000000
__Hbss                                          bss          000000
__HbssCOMRAM                                    bssCOMRAM    000000
__Hcinit                                        cinit        000000
__Hclrtext                                      clrtext      000000
__Hcomram                                       comram       000000
__Hconfig                                       config       30000E
__Hconst                                        const        000000
__HcstackCOMRAM                                 cstackCOMRAM 000000
__Hdata                                         data         000000
__Heeprom_data                                  eeprom_data  000000
__Hfarbss                                       farbss       000000
__Hfardata                                      fardata      000000
__Hibigdata                                     ibigdata     000000
__Hidata                                        idata        000000
__Hidloc                                        idloc        200008
__Hifardata                                     ifardata     000000
__Hinit                                         init         000052
__Hintcode                                      intcode      00004E
__Hintcode_body                                 intcode_body 000000
__Hintcodelo                                    intcodelo    00004E
__Hintentry                                     intentry     000000
__Hintret                                       intret       000000
__Hintsave_regs                                 intsave_regs 000000
__Hirdata                                       irdata       000000
__Hmediumconst                                  mediumconst  000000
__HnvCOMRAM                                     nvCOMRAM     000000
__HnvFARRAM                                     nvFARRAM     000000
__Hnvbit                                        nvbit        000000
__Hnvrram                                       nvrram       000000
__Hparam                                        rparam       000000
__Hpowerup                                      powerup      00004E
__Hram                                          ram          000000
__Hramtop                                       ramtop       000600
__Hrbit                                         rbit         000000
__Hrbss                                         rbss         000000
__Hrdata                                        rdata        000000
__Hreset_vec                                    reset_vec    000004
__Hrparam                                       rparam       000000
__Hsfr                                          sfr          000000
__Hsmallconst                                   smallconst   000000
__Hspace_0                                      (abs)        30000E
__Hspace_1                                      (abs)        000047
__Hspace_2                                      (abs)        000000
__Hstack                                        stack        000000
__Hstruct                                       struct       000000
__Htemp                                         temp         000047
__Htext                                         text         000000
__Htext0                                        text0        000000
__Htext1                                        text1        000000
__Htext10                                       text10       000000
__Htext11                                       text11       000000
__Htext12                                       text12       000000
__Htext13                                       text13       000000
__Htext14                                       text14       000000
__Htext15                                       text15       000000
__Htext16                                       text16       000000
__Htext18                                       text18       000000
__Htext19                                       text19       000000
__Htext2                                        text2        000000
__Htext20                                       text20       000000
__Htext21                                       text21       000000
__Htext22                                       text22       000000
__Htext23                                       text23       000000
__Htext24                                       text24       000000
__Htext25                                       text25       000000
__Htext3                                        text3        000000
__Htext4                                        text4        000000
__Htext5                                        text5        000000
__Htext6                                        text6        000000
__Htext7                                        text7        000000
__Htext8                                        text8        000000
__Htext9                                        text9        000000
__LRAM                                          (abs)        000001
__Labs1                                         abs1         000000
__Lbank0                                        bank0        000000
__Lbank1                                        bank1        000000
__Lbank2                                        bank2        000000
__Lbank3                                        bank3        000000
__Lbank4                                        bank4        000000
__Lbank5                                        bank5        000000
__Lbigbss                                       bigbss       000000
__Lbigdata                                      bigdata      000000
__Lbigram                                       bigram       000000
__Lbss                                          bss          000000
__LbssCOMRAM                                    bssCOMRAM    000000
__Lcinit                                        cinit        000000
__Lclrtext                                      clrtext      000000
__Lcomram                                       comram       000000
__Lconfig                                       config       300000
__Lconst                                        const        000000
__LcstackCOMRAM                                 cstackCOMRAM 000000
__Ldata                                         data         000000
__Leeprom_data                                  eeprom_data  000000
__Lfarbss                                       farbss       000000
__Lfardata                                      fardata      000000
__Libigdata                                     ibigdata     000000
__Lidata                                        idata        000000
__Lidloc                                        idloc        200000
__Lifardata                                     ifardata     000000
__Linit                                         init         00004E
__Lintcode                                      intcode      000008
__Lintcode_body                                 intcode_body 000000
__Lintcodelo                                    intcodelo    00004E
__Lintentry                                     intentry     000000
__Lintret                                       intret       000000
__Lintsave_regs                                 intsave_regs 000000
__Lirdata                                       irdata       000000
__Lmediumconst                                  mediumconst  000000
__LnvCOMRAM                                     nvCOMRAM     000000
__LnvFARRAM                                     nvFARRAM     000000
__Lnvbit                                        nvbit        000000
__Lnvrram                                       nvrram       000000
__Lparam                                        rparam       000000
__Lpowerup                                      powerup      00004E
__Lram                                          ram          000000
__Lramtop                                       ramtop       000600
__Lrbit                                         rbit         000000
__Lrbss                                         rbss         000000
__Lrdata                                        rdata        000000
__Lreset_vec                                    reset_vec    000000
__Lrparam                                       rparam       000000
__Lsfr                                          sfr          000000
__Lsmallconst                                   smallconst   000000
__Lspace_0                                      (abs)        000000
__Lspace_1                                      (abs)        000000
__Lspace_2                                      (abs)        000000
__Lstack                                        stack        000000
__Lstruct                                       struct       000000
__Ltemp                                         temp         000046
__Ltext                                         text         000000
__Ltext0                                        text0        000000
__Ltext1                                        text1        000000
__Ltext10                                       text10       000000
__Ltext11                                       text11       000000
__Ltext12                                       text12       000000
__Ltext13                                       text13       000000
__Ltext14                                       text14       000000
__Ltext15                                       text15       000000
__Ltext16                                       text16       000000
__Ltext18                                       text18       000000
__Ltext19                                       text19       000000
__Ltext2                                        text2        000000
__Ltext20                                       text20       000000
__Ltext21                                       text21       000000
__Ltext22                                       text22       000000
__Ltext23                                       text23       000000
__Ltext24                                       text24       000000
__Ltext25                                       text25       000000
__Ltext3                                        text3        000000
__Ltext4                                        text4        000000
__Ltext5                                        text5        000000
__Ltext6                                        text6        000000
__Ltext7                                        text7        000000
__Ltext8                                        text8        000000
__Ltext9                                        text9        000000
__S0                                            (abs)        30000E
__S1                                            (abs)        000047
__S2                                            (abs)        000000
___inthi_sp                                     stack        000000
___intlo_sp                                     stack        000000
___param_bank                                   (abs)        000000
___rparam_used                                  (abs)        000001
___sp                                           stack        000000
__accesstop                                     (abs)        000060
__activetblptr                                  (abs)        000002
__end_of_ADC_GetConversion                      text24       0004E4
__end_of_ADC_Initialize                         text16       0005B8
__end_of_EUSART2_Initialize                     text12       00048C
__end_of_EUSART2_Read                           text5        000534
__end_of_EUSART2_SetErrorHandler                text15       000610
__end_of_EUSART2_SetFramingErrorHandler         text14       000606
__end_of_EUSART2_SetOverrunErrorHandler         text13       0005FC
__end_of_EUSART2_Write                          text23       0005CE
__end_of_INTERRUPT_Initialize                   text11       000618
__end_of_INTERRUPT_InterruptManager             intcode      00004E
__end_of_OSCILLATOR_Initialize                  text10       0005DC
__end_of_PIN_MANAGER_Initialize                 text9        00040C
__end_of_SYSTEM_Initialize                      text6        00058A
__end_of_TMR0_CallBack                          text19       0004BA
__end_of_TMR0_DefaultInterruptHandler           text20       00061A
__end_of_TMR0_ISR                               text18       0005E8
__end_of_TMR0_Initialize                        text7        000556
__end_of_TMR0_SetInterruptHandler               text8        0005F2
__end_of__initialization                        cinit        000562
__end_of_main                                   text0        00050C
__end_of_memset                                 text4        0001C8
__end_of_receive_information                    text3        0003C8
__end_of_setup                                  text2        0005A2
__end_of_start_status                           text1        000614
__end_of_timedReading_ISR                       text21       00044E
__end_ofi2_memset                               text22       00033E
__initialization                                cinit        000556
__mediumconst                                   mediumconst  000000
__pbssCOMRAM                                    bssCOMRAM    000024
__pcinit                                        cinit        000556
__pcstackCOMRAM                                 cstackCOMRAM 000001
__pintcode                                      intcode      000008
__pnvCOMRAM                                     nvCOMRAM     00003D
__ptext0                                        text0        0004E4
__ptext1                                        text1        000610
__ptext10                                       text10       0005CE
__ptext11                                       text11       000614
__ptext12                                       text12       00044E
__ptext13                                       text13       0005F2
__ptext14                                       text14       0005FC
__ptext15                                       text15       000606
__ptext16                                       text16       0005A2
__ptext18                                       text18       0005DC
__ptext19                                       text19       00048C
__ptext2                                        text2        00058A
__ptext20                                       text20       000618
__ptext21                                       text21       00040C
__ptext22                                       text22       0001C8
__ptext23                                       text23       0005B8
__ptext24                                       text24       0004BA
__ptext25                                       text25       000000
__ptext3                                        text3        00033E
__ptext4                                        text4        000052
__ptext5                                        text5        00050C
__ptext6                                        text6        000570
__ptext7                                        text7        000534
__ptext8                                        text8        0005E8
__ptext9                                        text9        0003C8
__ramtop                                        ramtop       000600
__size_of_ADC_GetConversion                     (abs)        000000
__size_of_ADC_Initialize                        (abs)        000000
__size_of_EUSART2_Initialize                    (abs)        000000
__size_of_EUSART2_Read                          (abs)        000000
__size_of_EUSART2_SetErrorHandler               (abs)        000000
__size_of_EUSART2_SetFramingErrorHandler        (abs)        000000
__size_of_EUSART2_SetOverrunErrorHandler        (abs)        000000
__size_of_EUSART2_Write                         (abs)        000000
__size_of_INTERRUPT_Initialize                  (abs)        000000
__size_of_INTERRUPT_InterruptManager            (abs)        000000
__size_of_OSCILLATOR_Initialize                 (abs)        000000
__size_of_PIN_MANAGER_Initialize                (abs)        000000
__size_of_SYSTEM_Initialize                     (abs)        000000
__size_of_TMR0_CallBack                         (abs)        000000
__size_of_TMR0_DefaultInterruptHandler          (abs)        000000
__size_of_TMR0_ISR                              (abs)        000000
__size_of_TMR0_Initialize                       (abs)        000000
__size_of_TMR0_SetInterruptHandler              (abs)        000000
__size_of_main                                  (abs)        000000
__size_of_memset                                (abs)        000000
__size_of_receive_information                   (abs)        000000
__size_of_setup                                 (abs)        000000
__size_of_start_status                          (abs)        000000
__size_of_timedReading_ISR                      (abs)        000000
__size_ofi2_memset                              (abs)        000000
__smallconst                                    smallconst   000000
_data                                           bssCOMRAM    000025
_eusart2RxLastError                             bssCOMRAM    000024
_main                                           text0        0004E4
_memset                                         text4        000052
_read                                           bssCOMRAM    000033
_receive_information                            text3        00033E
_setup                                          text2        00058A
_start_status                                   text1        000610
_timedReading_ISR                               text21       00040C
_timer0ReloadVal                                nvCOMRAM     000045
btemp                                           temp         000046
end_of_initialization                           cinit        000562
i2_memset                                       text22       0001C8
i2memset@c                                      cstackCOMRAM 000003
i2memset@dest                                   cstackCOMRAM 000001
i2memset@k                                      cstackCOMRAM 000009
i2memset@n                                      cstackCOMRAM 000005
i2memset@s                                      cstackCOMRAM 00000B
int$flags                                       temp         000046
intlevel0                                       text         000000
intlevel1                                       text         000000
intlevel2                                       text         000000
intlevel3                                       text         000000
memset@c                                        cstackCOMRAM 000013
memset@dest                                     cstackCOMRAM 000011
memset@k                                        cstackCOMRAM 000019
memset@n                                        cstackCOMRAM 000015
memset@s                                        cstackCOMRAM 00001B
receive_information@i                           cstackCOMRAM 000021
receive_information@index                       cstackCOMRAM 00001D
receive_information@recv                        cstackCOMRAM 000023
receive_information@stop                        cstackCOMRAM 000020
stackhi                                         (abs)        0005FF
stacklo                                         (abs)        000060
start                                           init         00004E
start_initialization                            cinit        000556
ttemp5                                          temp         000047
ttemp6                                          temp         00004A
ttemp7                                          temp         00004E
wtemp8                                          temp         000047


FUNCTION INFORMATION:

 *************** function _main *****************
 Defined at:
		line 197 in file "main.c"
 Parameters:    Size  Location     Type
		None
 Auto vars:     Size  Location     Type
  x               1    0        unsigned char 
 Return value:  Size  Location     Type
                  1    wreg      void 
 Registers used:
		wreg, fsr2l, fsr2h, status,2, status,0, cstack
 Tracked objects:
		On entry : 
		On exit  : 
		Unchanged: 
 Data sizes:     COMRAM   BANK0   BANK1   BANK2   BANK3   BANK4   BANK5
      Params:         0       0       0       0       0       0       0
      Locals:         1       0       0       0       0       0       0
      Temps:          0       0       0       0       0       0       0
      Totals:         1       0       0       0       0       0       0
Total ram usage:        1 bytes
 Hardware stack levels required when called:    8
 This function calls:
		_SYSTEM_Initialize
		_TMR0_SetInterruptHandler
		_receive_information
		_setup
		_start_status
 This function is called by:
		Startup code after reset
 This function uses a non-reentrant model


 *************** function _start_status *****************
 Defined at:
		line 32 in file "main.c"
 Parameters:    Size  Location     Type
		None
 Auto vars:     Size  Location     Type
		None
 Return value:  Size  Location     Type
                  1    wreg      void 
 Registers used:
		None
 Tracked objects:
		On entry : 
		On exit  : 
		Unchanged: 
 Data sizes:     COMRAM   BANK0   BANK1   BANK2   BANK3   BANK4   BANK5
      Params:         0       0       0       0       0       0       0
      Locals:         0       0       0       0       0       0       0
      Temps:          0       0       0       0       0       0       0
      Totals:         0       0       0       0       0       0       0
Total ram usage:        0 bytes
 Hardware stack levels used:    1
 Hardware stack levels required when called:    5
 This function calls:
		Nothing
 This function is called by:
		_main
 This function uses a non-reentrant model


 *************** function _setup *****************
 Defined at:
		line 10 in file "main.c"
 Parameters:    Size  Location     Type
		None
 Auto vars:     Size  Location     Type
		None
 Return value:  Size  Location     Type
                  1    wreg      void 
 Registers used:
		wreg, status,2
 Tracked objects:
		On entry : 
		On exit  : 
		Unchanged: 
 Data sizes:     COMRAM   BANK0   BANK1   BANK2   BANK3   BANK4   BANK5
      Params:         0       0       0       0       0       0       0
      Locals:         0       0       0       0       0       0       0
      Temps:          0       0       0       0       0       0       0
      Totals:         0       0       0       0       0       0       0
Total ram usage:        0 bytes
 Hardware stack levels used:    1
 Hardware stack levels required when called:    5
 This function calls:
		Nothing
 This function is called by:
		_main
 This function uses a non-reentrant model


 *************** function _receive_information *****************
 Defined at:
		line 178 in file "main.c"
 Parameters:    Size  Location     Type
		None
 Auto vars:     Size  Location     Type
  i               2   32[COMRAM] int 
  index           2   28[COMRAM] int 
  recv            1   34[COMRAM] unsigned char 
  stop            1   31[COMRAM] _Bool 
  padding         1    0        _Bool 
 Return value:  Size  Location     Type
                  1    wreg      void 
 Registers used:
		wreg, fsr2l, fsr2h, status,2, status,0, cstack
 Tracked objects:
		On entry : 
		On exit  : 
		Unchanged: 
 Data sizes:     COMRAM   BANK0   BANK1   BANK2   BANK3   BANK4   BANK5
      Params:         0       0       0       0       0       0       0
      Locals:         7       0       0       0       0       0       0
      Temps:          0       0       0       0       0       0       0
      Totals:         7       0       0       0       0       0       0
Total ram usage:        7 bytes
 Hardware stack levels used:    1
 Hardware stack levels required when called:    6
 This function calls:
		_EUSART2_Read
		_memset
 This function is called by:
		_main
 This function uses a non-reentrant model


 *************** function _memset *****************
 Defined at:
		line 4 in file "C:\Program Files (x86)\Microchip\xc8\v2.10\pic\sources\c99\common\memset.c"
 Parameters:    Size  Location     Type
  dest            2   16[COMRAM] PTR void 
		 -> read(10), data(14), 
  c               2   18[COMRAM] int 
  n               2   20[COMRAM] unsigned int 
 Auto vars:     Size  Location     Type
  s               2   26[COMRAM] PTR unsigned char 
		 -> read(10), data(14), 
  k               2   24[COMRAM] unsigned int 
 Return value:  Size  Location     Type
                  2   16[COMRAM] PTR void 
 Registers used:
		wreg, fsr2l, fsr2h, status,2, status,0
 Tracked objects:
		On entry : 
		On exit  : 
		Unchanged: 
 Data sizes:     COMRAM   BANK0   BANK1   BANK2   BANK3   BANK4   BANK5
      Params:         6       0       0       0       0       0       0
      Locals:         4       0       0       0       0       0       0
      Temps:          2       0       0       0       0       0       0
      Totals:        12       0       0       0       0       0       0
Total ram usage:       12 bytes
 Hardware stack levels used:    1
 Hardware stack levels required when called:    5
 This function calls:
		Nothing
 This function is called by:
		_receive_information
		_fill
		_actuate
 This function uses a non-reentrant model


 *************** function _EUSART2_Read *****************
 Defined at:
		line 113 in file "mcc_generated_files/eusart2.c"
 Parameters:    Size  Location     Type
		None
 Auto vars:     Size  Location     Type
		None
 Return value:  Size  Location     Type
                  1    wreg      unsigned char 
 Registers used:
		wreg, status,2
 Tracked objects:
		On entry : 
		On exit  : 
		Unchanged: 
 Data sizes:     COMRAM   BANK0   BANK1   BANK2   BANK3   BANK4   BANK5
      Params:         0       0       0       0       0       0       0
      Locals:         0       0       0       0       0       0       0
      Temps:          0       0       0       0       0       0       0
      Totals:         0       0       0       0       0       0       0
Total ram usage:        0 bytes
 Hardware stack levels used:    1
 Hardware stack levels required when called:    5
 This function calls:
		Nothing
 This function is called by:
		_receive_information
		_getch
 This function uses a non-reentrant model


 *************** function _SYSTEM_Initialize *****************
 Defined at:
		line 50 in file "mcc_generated_files/mcc.c"
 Parameters:    Size  Location     Type
		None
 Auto vars:     Size  Location     Type
		None
 Return value:  Size  Location     Type
                  1    wreg      void 
 Registers used:
		wreg, status,2, status,0, cstack
 Tracked objects:
		On entry : 
		On exit  : 
		Unchanged: 
 Data sizes:     COMRAM   BANK0   BANK1   BANK2   BANK3   BANK4   BANK5
      Params:         0       0       0       0       0       0       0
      Locals:         0       0       0       0       0       0       0
      Temps:          0       0       0       0       0       0       0
      Totals:         0       0       0       0       0       0       0
Total ram usage:        0 bytes
 Hardware stack levels used:    1
 Hardware stack levels required when called:    7
 This function calls:
		_ADC_Initialize
		_EUSART2_Initialize
		_INTERRUPT_Initialize
		_OSCILLATOR_Initialize
		_PIN_MANAGER_Initialize
		_TMR0_Initialize
 This function is called by:
		_main
 This function uses a non-reentrant model


 *************** function _TMR0_Initialize *****************
 Defined at:
		line 67 in file "mcc_generated_files/tmr0.c"
 Parameters:    Size  Location     Type
		None
 Auto vars:     Size  Location     Type
		None
 Return value:  Size  Location     Type
                  1    wreg      void 
 Registers used:
		wreg, status,2, status,0, cstack
 Tracked objects:
		On entry : 
		On exit  : 
		Unchanged: 
 Data sizes:     COMRAM   BANK0   BANK1   BANK2   BANK3   BANK4   BANK5
      Params:         0       0       0       0       0       0       0
      Locals:         0       0       0       0       0       0       0
      Temps:          0       0       0       0       0       0       0
      Totals:         0       0       0       0       0       0       0
Total ram usage:        0 bytes
 Hardware stack levels used:    1
 Hardware stack levels required when called:    6
 This function calls:
		_TMR0_SetInterruptHandler
 This function is called by:
		_SYSTEM_Initialize
 This function uses a non-reentrant model


 *************** function _TMR0_SetInterruptHandler *****************
 Defined at:
		line 153 in file "mcc_generated_files/tmr0.c"
 Parameters:    Size  Location     Type
  InterruptHan    2   16[COMRAM] PTR FTN()void 
		 -> TMR0_DefaultInterruptHandler(1), timedReading_ISR(1), 
 Auto vars:     Size  Location     Type
		None
 Return value:  Size  Location     Type
                  1    wreg      void 
 Registers used:
		wreg, status,2, status,0
 Tracked objects:
		On entry : 
		On exit  : 
		Unchanged: 
 Data sizes:     COMRAM   BANK0   BANK1   BANK2   BANK3   BANK4   BANK5
      Params:         2       0       0       0       0       0       0
      Locals:         0       0       0       0       0       0       0
      Temps:          0       0       0       0       0       0       0
      Totals:         2       0       0       0       0       0       0
Total ram usage:        2 bytes
 Hardware stack levels used:    1
 Hardware stack levels required when called:    5
 This function calls:
		Nothing
 This function is called by:
		_main
		_TMR0_Initialize
 This function uses a non-reentrant model


 *************** function _PIN_MANAGER_Initialize *****************
 Defined at:
		line 55 in file "mcc_generated_files/pin_manager.c"
 Parameters:    Size  Location     Type
		None
 Auto vars:     Size  Location     Type
		None
 Return value:  Size  Location     Type
                  1    wreg      void 
 Registers used:
		wreg, status,2
 Tracked objects:
		On entry : 
		On exit  : 
		Unchanged: 
 Data sizes:     COMRAM   BANK0   BANK1   BANK2   BANK3   BANK4   BANK5
      Params:         0       0       0       0       0       0       0
      Locals:         0       0       0       0       0       0       0
      Temps:          0       0       0       0       0       0       0
      Totals:         0       0       0       0       0       0       0
Total ram usage:        0 bytes
 Hardware stack levels used:    1
 Hardware stack levels required when called:    5
 This function calls:
		Nothing
 This function is called by:
		_SYSTEM_Initialize
 This function uses a non-reentrant model


 *************** function _OSCILLATOR_Initialize *****************
 Defined at:
		line 61 in file "mcc_generated_files/mcc.c"
 Parameters:    Size  Location     Type
		None
 Auto vars:     Size  Location     Type
		None
 Return value:  Size  Location     Type
                  1    wreg      void 
 Registers used:
		wreg, status,2
 Tracked objects:
		On entry : 
		On exit  : 
		Unchanged: 
 Data sizes:     COMRAM   BANK0   BANK1   BANK2   BANK3   BANK4   BANK5
      Params:         0       0       0       0       0       0       0
      Locals:         0       0       0       0       0       0       0
      Temps:          0       0       0       0       0       0       0
      Totals:         0       0       0       0       0       0       0
Total ram usage:        0 bytes
 Hardware stack levels used:    1
 Hardware stack levels required when called:    5
 This function calls:
		Nothing
 This function is called by:
		_SYSTEM_Initialize
 This function uses a non-reentrant model


 *************** function _INTERRUPT_Initialize *****************
 Defined at:
		line 52 in file "mcc_generated_files/interrupt_manager.c"
 Parameters:    Size  Location     Type
		None
 Auto vars:     Size  Location     Type
		None
 Return value:  Size  Location     Type
                  1    wreg      void 
 Registers used:
		None
 Tracked objects:
		On entry : 
		On exit  : 
		Unchanged: 
 Data sizes:     COMRAM   BANK0   BANK1   BANK2   BANK3   BANK4   BANK5
      Params:         0       0       0       0       0       0       0
      Locals:         0       0       0       0       0       0       0
      Temps:          0       0       0       0       0       0       0
      Totals:         0       0       0       0       0       0       0
Total ram usage:        0 bytes
 Hardware stack levels used:    1
 Hardware stack levels required when called:    5
 This function calls:
		Nothing
 This function is called by:
		_SYSTEM_Initialize
 This function uses a non-reentrant model


 *************** function _EUSART2_Initialize *****************
 Defined at:
		line 66 in file "mcc_generated_files/eusart2.c"
 Parameters:    Size  Location     Type
		None
 Auto vars:     Size  Location     Type
		None
 Return value:  Size  Location     Type
                  1    wreg      void 
 Registers used:
		wreg, status,2, status,0, cstack
 Tracked objects:
		On entry : 
		On exit  : 
		Unchanged: 
 Data sizes:     COMRAM   BANK0   BANK1   BANK2   BANK3   BANK4   BANK5
      Params:         0       0       0       0       0       0       0
      Locals:         0       0       0       0       0       0       0
      Temps:          0       0       0       0       0       0       0
      Totals:         0       0       0       0       0       0       0
Total ram usage:        0 bytes
 Hardware stack levels used:    1
 Hardware stack levels required when called:    6
 This function calls:
		_EUSART2_SetErrorHandler
		_EUSART2_SetFramingErrorHandler
		_EUSART2_SetOverrunErrorHandler
 This function is called by:
		_SYSTEM_Initialize
 This function uses a non-reentrant model


 *************** function _EUSART2_SetOverrunErrorHandler *****************
 Defined at:
		line 170 in file "mcc_generated_files/eusart2.c"
 Parameters:    Size  Location     Type
  interruptHan    2   16[COMRAM] PTR FTN()void 
		 -> EUSART2_DefaultOverrunErrorHandler(1), 
 Auto vars:     Size  Location     Type
		None
 Return value:  Size  Location     Type
                  1    wreg      void 
 Registers used:
		wreg, status,2, status,0
 Tracked objects:
		On entry : 
		On exit  : 
		Unchanged: 
 Data sizes:     COMRAM   BANK0   BANK1   BANK2   BANK3   BANK4   BANK5
      Params:         2       0       0       0       0       0       0
      Locals:         0       0       0       0       0       0       0
      Temps:          0       0       0       0       0       0       0
      Totals:         2       0       0       0       0       0       0
Total ram usage:        2 bytes
 Hardware stack levels used:    1
 Hardware stack levels required when called:    5
 This function calls:
		Nothing
 This function is called by:
		_EUSART2_Initialize
 This function uses a non-reentrant model


 *************** function _EUSART2_SetFramingErrorHandler *****************
 Defined at:
		line 166 in file "mcc_generated_files/eusart2.c"
 Parameters:    Size  Location     Type
  interruptHan    2   16[COMRAM] PTR FTN()void 
		 -> EUSART2_DefaultFramingErrorHandler(1), 
 Auto vars:     Size  Location     Type
		None
 Return value:  Size  Location     Type
                  1    wreg      void 
 Registers used:
		wreg, status,2, status,0
 Tracked objects:
		On entry : 
		On exit  : 
		Unchanged: 
 Data sizes:     COMRAM   BANK0   BANK1   BANK2   BANK3   BANK4   BANK5
      Params:         2       0       0       0       0       0       0
      Locals:         0       0       0       0       0       0       0
      Temps:          0       0       0       0       0       0       0
      Totals:         2       0       0       0       0       0       0
Total ram usage:        2 bytes
 Hardware stack levels used:    1
 Hardware stack levels required when called:    5
 This function calls:
		Nothing
 This function is called by:
		_EUSART2_Initialize
 This function uses a non-reentrant model


 *************** function _EUSART2_SetErrorHandler *****************
 Defined at:
		line 174 in file "mcc_generated_files/eusart2.c"
 Parameters:    Size  Location     Type
  interruptHan    2   16[COMRAM] PTR FTN()void 
		 -> EUSART2_DefaultErrorHandler(1), 
 Auto vars:     Size  Location     Type
		None
 Return value:  Size  Location     Type
                  1    wreg      void 
 Registers used:
		wreg, status,2, status,0
 Tracked objects:
		On entry : 
		On exit  : 
		Unchanged: 
 Data sizes:     COMRAM   BANK0   BANK1   BANK2   BANK3   BANK4   BANK5
      Params:         2       0       0       0       0       0       0
      Locals:         0       0       0       0       0       0       0
      Temps:          0       0       0       0       0       0       0
      Totals:         2       0       0       0       0       0       0
Total ram usage:        2 bytes
 Hardware stack levels used:    1
 Hardware stack levels required when called:    5
 This function calls:
		Nothing
 This function is called by:
		_EUSART2_Initialize
 This function uses a non-reentrant model


 *************** function _ADC_Initialize *****************
 Defined at:
		line 60 in file "mcc_generated_files/adc.c"
 Parameters:    Size  Location     Type
		None
 Auto vars:     Size  Location     Type
		None
 Return value:  Size  Location     Type
                  1    wreg      void 
 Registers used:
		wreg, status,2
 Tracked objects:
		On entry : 
		On exit  : 
		Unchanged: 
 Data sizes:     COMRAM   BANK0   BANK1   BANK2   BANK3   BANK4   BANK5
      Params:         0       0       0       0       0       0       0
      Locals:         0       0       0       0       0       0       0
      Temps:          0       0       0       0       0       0       0
      Totals:         0       0       0       0       0       0       0
Total ram usage:        0 bytes
 Hardware stack levels used:    1
 Hardware stack levels required when called:    5
 This function calls:
		Nothing
 This function is called by:
		_SYSTEM_Initialize
 This function uses a non-reentrant model


 *************** function _INTERRUPT_InterruptManager *****************
 Defined at:
		line 58 in file "mcc_generated_files/interrupt_manager.c"
 Parameters:    Size  Location     Type
		None
 Auto vars:     Size  Location     Type
		None
 Return value:  Size  Location     Type
                  1    wreg      void 
 Registers used:
		wreg, fsr2l, fsr2h, status,2, status,0, pclath, tosl, cstack
 Tracked objects:
		On entry : 
		On exit  : 
		Unchanged: 
 Data sizes:     COMRAM   BANK0   BANK1   BANK2   BANK3   BANK4   BANK5
      Params:         0       0       0       0       0       0       0
      Locals:         0       0       0       0       0       0       0
      Temps:          4       0       0       0       0       0       0
      Totals:         4       0       0       0       0       0       0
Total ram usage:        4 bytes
 Hardware stack levels used:    1
 Hardware stack levels required when called:    4
 This function calls:
		_TMR0_ISR
 This function is called by:
		Interrupt level 2
 This function uses a non-reentrant model


 *************** function _TMR0_ISR *****************
 Defined at:
		line 129 in file "mcc_generated_files/tmr0.c"
 Parameters:    Size  Location     Type
		None
 Auto vars:     Size  Location     Type
		None
 Return value:  Size  Location     Type
                  1    wreg      void 
 Registers used:
		wreg, fsr2l, fsr2h, status,2, status,0, pclath, tosl, cstack
 Tracked objects:
		On entry : 
		On exit  : 
		Unchanged: 
 Data sizes:     COMRAM   BANK0   BANK1   BANK2   BANK3   BANK4   BANK5
      Params:         0       0       0       0       0       0       0
      Locals:         0       0       0       0       0       0       0
      Temps:          0       0       0       0       0       0       0
      Totals:         0       0       0       0       0       0       0
Total ram usage:        0 bytes
 Hardware stack levels used:    1
 Hardware stack levels required when called:    3
 This function calls:
		_TMR0_CallBack
 This function is called by:
		_INTERRUPT_InterruptManager
 This function uses a non-reentrant model


 *************** function _TMR0_CallBack *****************
 Defined at:
		line 145 in file "mcc_generated_files/tmr0.c"
 Parameters:    Size  Location     Type
		None
 Auto vars:     Size  Location     Type
		None
 Return value:  Size  Location     Type
                  1    wreg      void 
 Registers used:
		wreg, fsr2l, fsr2h, status,2, status,0, pclath, tosl, cstack
 Tracked objects:
		On entry : 
		On exit  : 
		Unchanged: 
 Data sizes:     COMRAM   BANK0   BANK1   BANK2   BANK3   BANK4   BANK5
      Params:         0       0       0       0       0       0       0
      Locals:         0       0       0       0       0       0       0
      Temps:          0       0       0       0       0       0       0
      Totals:         0       0       0       0       0       0       0
Total ram usage:        0 bytes
 Hardware stack levels used:    1
 Hardware stack levels required when called:    2
 This function calls:
		Absolute function
		_TMR0_DefaultInterruptHandler
		_timedReading_ISR
 This function is called by:
		_TMR0_ISR
 This function uses a non-reentrant model


 *************** function _TMR0_DefaultInterruptHandler *****************
 Defined at:
		line 157 in file "mcc_generated_files/tmr0.c"
 Parameters:    Size  Location     Type
		None
 Auto vars:     Size  Location     Type
		None
 Return value:  Size  Location     Type
                  1    wreg      void 
 Registers used:
		None
 Tracked objects:
		On entry : 
		On exit  : 
		Unchanged: 
 Data sizes:     COMRAM   BANK0   BANK1   BANK2   BANK3   BANK4   BANK5
      Params:         0       0       0       0       0       0       0
      Locals:         0       0       0       0       0       0       0
      Temps:          0       0       0       0       0       0       0
      Totals:         0       0       0       0       0       0       0
Total ram usage:        0 bytes
 Hardware stack levels used:    1
 This function calls:
		Nothing
 This function is called by:
		_TMR0_Initialize
		_TMR0_CallBack
 This function uses a non-reentrant model


 *************** function _timedReading_ISR *****************
 Defined at:
		line 160 in file "main.c"
 Parameters:    Size  Location     Type
		None
 Auto vars:     Size  Location     Type
		None
 Return value:  Size  Location     Type
                  1    wreg      void 
 Registers used:
		wreg, fsr2l, fsr2h, status,2, status,0, cstack
 Tracked objects:
		On entry : 
		On exit  : 
		Unchanged: 
 Data sizes:     COMRAM   BANK0   BANK1   BANK2   BANK3   BANK4   BANK5
      Params:         0       0       0       0       0       0       0
      Locals:         0       0       0       0       0       0       0
      Temps:          0       0       0       0       0       0       0
      Totals:         0       0       0       0       0       0       0
Total ram usage:        0 bytes
 Hardware stack levels used:    1
 Hardware stack levels required when called:    1
 This function calls:
		_ADC_GetConversion
		_EUSART2_Write
		i2_memset
 This function is called by:
		_main
		_TMR0_CallBack
 This function uses a non-reentrant model


 *************** function i2_memset *****************
 Defined at:
		line 4 in file "C:\Program Files (x86)\Microchip\xc8\v2.10\pic\sources\c99\common\memset.c"
 Parameters:    Size  Location     Type
  dest            2    0[COMRAM] PTR void 
		 -> read(10), data(14), 
  c               2    2[COMRAM] int 
  n               2    4[COMRAM] unsigned int 
 Auto vars:     Size  Location     Type
  memset          2   10[COMRAM] PTR unsigned char 
		 -> read(10), data(14), 
  memset          2    8[COMRAM] unsigned int 
 Return value:  Size  Location     Type
                  2    0[COMRAM] PTR void 
 Registers used:
		wreg, fsr2l, fsr2h, status,2, status,0
 Tracked objects:
		On entry : 
		On exit  : 
		Unchanged: 
 Data sizes:     COMRAM   BANK0   BANK1   BANK2   BANK3   BANK4   BANK5
      Params:         6       0       0       0       0       0       0
      Locals:         4       0       0       0       0       0       0
      Temps:          2       0       0       0       0       0       0
      Totals:        12       0       0       0       0       0       0
Total ram usage:       12 bytes
 Hardware stack levels used:    1
 This function calls:
		Nothing
 This function is called by:
		_timedReading_ISR
 This function uses a non-reentrant model


 *************** function _EUSART2_Write *****************
 Defined at:
		line 132 in file "mcc_generated_files/eusart2.c"
 Parameters:    Size  Location     Type
  txData          1    wreg     unsigned char 
 Auto vars:     Size  Location     Type
  txData          1    0[COMRAM] unsigned char 
 Return value:  Size  Location     Type
                  1    wreg      void 
 Registers used:
		wreg
 Tracked objects:
		On entry : 
		On exit  : 
		Unchanged: 
 Data sizes:     COMRAM   BANK0   BANK1   BANK2   BANK3   BANK4   BANK5
      Params:         0       0       0       0       0       0       0
      Locals:         1       0       0       0       0       0       0
      Temps:          0       0       0       0       0       0       0
      Totals:         1       0       0       0       0       0       0
Total ram usage:        1 bytes
 Hardware stack levels used:    1
 This function calls:
		Nothing
 This function is called by:
		_timedReading_ISR
		_putch
		_send_data
 This function uses a non-reentrant model


 *************** function _ADC_GetConversion *****************
 Defined at:
		line 108 in file "mcc_generated_files/adc.c"
 Parameters:    Size  Location     Type
  channel         1    wreg     enum E5986
 Auto vars:     Size  Location     Type
  channel         1    1[COMRAM] enum E5986
 Return value:  Size  Location     Type
                  1    wreg      unsigned char 
 Registers used:
		wreg, status,2, status,0
 Tracked objects:
		On entry : 
		On exit  : 
		Unchanged: 
 Data sizes:     COMRAM   BANK0   BANK1   BANK2   BANK3   BANK4   BANK5
      Params:         0       0       0       0       0       0       0
      Locals:         1       0       0       0       0       0       0
      Temps:          1       0       0       0       0       0       0
      Totals:         2       0       0       0       0       0       0
Total ram usage:        2 bytes
 Hardware stack levels used:    1
 This function calls:
		Nothing
 This function is called by:
		_timedReading_ISR
 This function uses a non-reentrant model



MODULE INFORMATION

Module		Function		Class		Link	Load	Size
mcc_generated_files/eusart2.c
		_EUSART2_Read  		CODE           	050C	0000	41
		_EUSART2_SetOverrunErrorHandler		CODE           	05F2	0000	11
		_EUSART2_SetErrorHandler		CODE           	0606	0000	11
		_EUSART2_Write 		CODE           	05B8	0000	23
		_EUSART2_Initialize		CODE           	044E	0000	63
		_EUSART2_SetFramingErrorHandler		CODE           	05FC	0000	11

mcc_generated_files/eusart2.c estimated size: 160

mcc_generated_files/interrupt_manager.c
		_INTERRUPT_Initialize		CODE           	0614	0000	5
		_INTERRUPT_InterruptManager		CODE           	0008	0000	71

mcc_generated_files/interrupt_manager.c estimated size: 76

mcc_generated_files/tmr0.c
		_TMR0_SetInterruptHandler		CODE           	05E8	0000	11
		_TMR0_DefaultInterruptHandler		CODE           	0618	0000	3
		_TMR0_CallBack 		CODE           	048C	0000	47
		_TMR0_ISR      		CODE           	05DC	0000	13
		_TMR0_Initialize		CODE           	0534	0000	35

mcc_generated_files/tmr0.c estimated size: 109

C:\Program Files (x86)\Microchip\xc8\v2.10\pic\sources\c99\common\memset.c
		_memset        		CODE           	0052	0000	375

C:\Program Files (x86)\Microchip\xc8\v2.10\pic\sources\c99\common\memset.c estimated size: 375

mcc_generated_files/pin_manager.c
		_PIN_MANAGER_Initialize		CODE           	03C8	0000	69

mcc_generated_files/pin_manager.c estimated size: 69

mcc_generated_files/adc.c
		_ADC_Initialize		CODE           	05A2	0000	23
		_ADC_GetConversion		CODE           	04BA	0000	43

mcc_generated_files/adc.c estimated size: 66

shared
		__initialization		CODE           	0556	0000	13
		i2_memset      		CODE           	01C8	0000	375

shared estimated size: 388

mcc_generated_files/mcc.c
		_OSCILLATOR_Initialize		CODE           	05CE	0000	15
		_SYSTEM_Initialize		CODE           	0570	0000	27

mcc_generated_files/mcc.c estimated size: 42

main.c
		_main          		CODE           	04E4	0000	41
		_start_status  		CODE           	0610	0000	5
		_timedReading_ISR		CODE           	040C	0000	67
		_setup         		CODE           	058A	0000	25
		_receive_information		CODE           	033E	0000	139

main.c estimated size: 277

